// Jest Snapshot v1, https://goo.gl/fbAQLP

exports[`<HabitabilityContent> renders 1`] = `
<div>
  <h1
    class="has-text-right"
    style="white-space: pre-wrap;"
  >
    Habitability
  </h1>
  <div
    class="jf-page-break-after"
  >
    <p
      class="has-text-right"
    >
      Wednesday, June 10, 2020
    </p>
    <dl
      class="jf-letter-heading"
    >
      <dt>
        To
      </dt>
      <dd>
        LANDLORDO CALRISSIAN
        <br />
        1 Cloud City Drive
        <br />
        Bespin, OH 41235
      </dd>
      <dt>
        From
      </dt>
      <dd>
        Boop Jones
        <br />
        654 Park Place #2
        <br />
        Brooklyn
        , 
        NY
         
        12345
        <br />
        (555) 123-4567
      </dd>
    </dl>
    <p>
      Dear 
      LANDLORDO CALRISSIAN
      ,
    </p>
    <p>
      laletterbuilder.habitability.intro-1
    </p>
    <section>
      <h2>
        Repairs required
      </h2>
      <p>
        0
        . 
        Peeling paint
        Bedroom
        Kitchen
      </p>
    </section>
    <div
      class="jf-avoid-page-breaks-within"
    >
      <h2>
        laletterbuilder.habitability.access-title
      </h2>
      <p>
        laletterbuilder.habitability.access-intro
      </p>
      <p>
        laletterbuilder.habitability.access-warning
      </p>
      <ul>
        <li>
          Sunday, May 1, 2022
        </li>
        <li>
          Tuesday, May 2, 2023
        </li>
      </ul>
    </div>
    <p>
      laletterbuilder.habitability.consequences
    </p>
    <p
      class="jf-signature"
    >
      Signed,
      <br />
      <br />
      Boop Jones
    </p>
  </div>
</div>
`;

exports[`<HabitabilityContent> works 1`] = `
<div>
  <h1
    class="has-text-right"
    style="white-space: pre-wrap;"
  >
    Habitability
  </h1>
  <div
    class="jf-page-break-after"
  >
    <p
      class="has-text-right"
    >
      Wednesday, June 10, 2020
    </p>
    <dl
      class="jf-letter-heading"
    >
      <dt>
        To
      </dt>
      <dd>
        LANDLORDO CALRISSIAN
        <br />
        1 Cloud City Drive
        <br />
        Bespin, OH 41235
      </dd>
      <dt>
        From
      </dt>
      <dd>
        Boop Jones
        <br />
        654 Park Place #2
        <br />
        Brooklyn
        , 
        NY
         
        12345
        <br />
        (555) 123-4567
      </dd>
    </dl>
    <p>
      Dear 
      LANDLORDO CALRISSIAN
      ,
    </p>
    <p>
      laletterbuilder.habitability.intro-1
    </p>
    <section>
      <h2>
        Repairs required
      </h2>
      <p>
        0
        . 
        Peeling paint
        Bedroom
        Kitchen
      </p>
    </section>
    <div
      class="jf-avoid-page-breaks-within"
    >
      <h2>
        laletterbuilder.habitability.access-title
      </h2>
      <p>
        laletterbuilder.habitability.access-intro
      </p>
      <p>
        laletterbuilder.habitability.access-warning
      </p>
      <ul>
        <li>
          Sunday, May 1, 2022
        </li>
        <li>
          Tuesday, May 2, 2023
        </li>
      </ul>
    </div>
    <p>
      laletterbuilder.habitability.consequences
    </p>
    <p
      class="jf-signature"
    >
      Signed,
      <br />
      <br />
      Boop Jones
    </p>
  </div>
</div>
`;

exports[`getHabitabilityContentPropsFromSession() returns expected value when user is logged in 1`] = `
Object {
  "accessDates": Array [],
  "aptNumber": "",
  "city": "Brooklyn",
  "email": "boop@jones.net",
  "firstName": "Boop",
  "issues": Array [],
  "landlordAddress": "123 Cloud City Drive
Bespin, NY 12345",
  "landlordEmail": "landlordo@calrissian.net",
  "landlordName": "Landlordo Calrissian",
  "lastName": "Jones",
  "phoneNumber": "5551234567",
  "state": "NY",
  "street": "150 Court St",
  "zipCode": "11201",
}
`;
